
> telemoz@0.1.0 build
> next build

node.exe : [baseline-browser-mapping] The data in this module is over two months old.  To ensure accurate Baseline 
data, please update: `npm i baseline-browser-mapping@latest -D`
At C:\Users\Godwin\AppData\Roaming\npm\npm.ps1:24 char:5
+     & "node$exe"  "$basedir/node_modules/npm/bin/npm-cli.js" $args
+     ~~~~~~~~~~~~~~~~~~~~~~~~~~~~~~~~~~~~~~~~~~~~~~~~~~~~~~~~~~~~~~
    + CategoryInfo          : NotSpecified: ([baseline-brows...ping@latest -D`:String) [], RemoteException
    + FullyQualifiedErrorId : NativeCommandError
 
   Ôû▓ Next.js 16.0.3 (Turbopack)
   - Environments: .env.local, .env

 ÔÜá The "middleware" file convention is deprecated. Please use "proxy" instead. Learn more: 
https://nextjs.org/docs/messages/middleware-to-proxy
   Creating an optimized production build ...
[baseline-browser-mapping] The data in this module is over two months old.  To ensure accurate Baseline data, please 
update: `npm i baseline-browser-mapping@latest -D`
 Ô£ô Compiled successfully in 66s
   Running TypeScript ...
Failed to compile.

./app/(protected)/pro/projects/[projectId]/page.tsx:62:74
Type error: Property 'title' does not exist on type 'never'.

[0m [90m 60 |[39m       [33m<[39m[33mdiv[39m className[33m=[39m[32m"flex items-center 
justify-between"[39m[33m>[39m
 [90m 61 |[39m         [33m<[39m[33mdiv[39m[33m>[39m
[31m[1m>[22m[39m[90m 62 |[39m           [33m<[39m[33mh1[39m className[33m=[39m[32m"text-3xl font-bold 
text-gray-900 mb-2"[39m[33m>[39m{project[33m.[39mtitle}[33m<[39m[33m/[39m[33mh1[39m[33m>[39m
 [90m    |[39m                                                                          [31m[1m^[22m[39m
 [90m 63 |[39m           [33m<[39m[33mp[39m 
className[33m=[39m[32m"text-gray-500"[39m[33m>[39m[33mClient[39m[33m:[39m 
{project[33m.[39mclient}[33m<[39m[33m/[39m[33mp[39m[33m>[39m
 [90m 64 |[39m         [33m<[39m[33m/[39m[33mdiv[39m[33m>[39m
 [90m 65 |[39m         [33m<[39m[33mBadge[39m variant[33m=[39m{project[33m.[39mstatus [33m===[39m 
[32m"active"[39m [33m?[39m [32m"success"[39m [33m:[39m [32m"default"[39m}[33m>[39m[0m
Next.js build worker exited with code: 1 and signal: null
